// Jest Snapshot v1, https://goo.gl/fbAQLP

exports[`index page renders page 1`] = `
<MainLayout>
  <h1>
    Homepage
  </h1>
  <p>
    Welcome to your new Gatsby site.
  </p>
  <p>
    This is a template for you to build your new site with. This index page is static. But click around the navigation to see content rendered from Markdown!
  </p>
</MainLayout>
`;
